simple.png rendering status: OK
multi.png rendering status: OK
