***** Test cleand2d.sdf *****
  Item #0: Result: Success
  Item #1: Result: Success
  Item #2: Result: Success
  Item #3: Result: Success
  Item #4: Result: Error: atom #0 (C) contains delta 0.0935588370898 > 0.01
   atom #1 (C) contains delta 0.097825557308 > 0.01
   atom #2 (C) contains delta 0.0993804032583 > 0.01
   atom #3 (C) contains delta 0.0967655701882 > 0.01
   atom #4 (C) contains delta 0.0925498065135 > 0.01
   atom #5 (C) contains delta 0.0908834308127 > 0.01
   atom #6 (C) contains delta 0.0844662667708 > 0.01
   atom #7 (C) contains delta 0.0857810647193 > 0.01
   atom #8 (C) contains delta 0.0787331550906 > 0.01
   atom #9 (C) contains delta 0.0693384276348 > 0.01
   atom #10 (C) contains delta 0.0677970240424 > 0.01
   atom #11 (C) contains delta 0.0758229692041 > 0.01
   atom #12 (C) contains delta 0.0896534008745 > 0.01
   atom #13 (C) contains delta 0.0783080996384 > 0.01
   atom #14 (C) contains delta 0.0661915854438 > 0.01
   atom #15 (C) contains delta 0.06759329441 > 0.01
   atom #16 (C) contains delta 0.0804196449943 > 0.01
   atom #17 (C) contains delta 0.0904467564648 > 0.01
   atom #18 (C) contains delta 0.0587804495948 > 0.01
   atom #19 (C) contains delta 0.0519333262616 > 0.01
   atom #20 (C) contains delta 0.0569391676693 > 0.01
   atom #21 (C) contains delta 0.100652646238 > 0.01
   atom #22 (C) contains delta 0.104776174296 > 0.01
   atom #23 (C) contains delta 0.106245084518 > 0.01
   atom #24 (C) contains delta 0.103600512601 > 0.01
  Item #5: Result: Success
  Item #6: Result: Error: atom #0 (C) contains delta 0.0161472699154 > 0.01
   atom #1 (C) contains delta 0.01595229912 > 0.01
   atom #2 (C) contains delta 0.0155656799989 > 0.01
   atom #3 (C) contains delta 0.0157199183528 > 0.01
   atom #4 (C) contains delta 0.0153386739989 > 0.01
   atom #5 (C) contains delta 0.0150481245045 > 0.01
   atom #6 (C) contains delta 0.0146498130066 > 0.01
   atom #7 (C) contains delta 0.0145735321831 > 0.01
   atom #8 (Cl) contains delta 0.0145510705428 > 0.01
   atom #9 (C) contains delta 0.017645290555 > 0.01
   atom #10 (C) contains delta 0.0177805476922 > 0.01
   atom #11 (C) contains delta 0.0174119925616 > 0.01
   atom #12 (C) contains delta 0.0169179282366 > 0.01
   atom #13 (C) contains delta 0.0172784499599 > 0.01
   atom #14 (C) contains delta 0.0163005548414 > 0.01
   atom #15 (C) contains delta 0.0155567838442 > 0.01
   atom #16 (C) contains delta 0.0146244143978 > 0.01
   atom #17 (Cl) contains delta 0.0140705744036 > 0.01
   atom #18 (C) contains delta 0.0141325576221 > 0.01
  Item #7: Result: Success
  Item #8: Result: Error: atom #0 (C) contains delta 0.0792201529189 > 0.01
   atom #1 (C) contains delta 0.0754923182746 > 0.01
   atom #2 (C) contains delta 0.0718105340705 > 0.01
   atom #3 (C) contains delta 0.074961340119 > 0.01
   atom #4 (C) contains delta 0.0666594800683 > 0.01
   atom #5 (C) contains delta 0.0649735887071 > 0.01
   atom #6 (C) contains delta 0.0692564445554 > 0.01
   atom #7 (C) contains delta 0.0744279067923 > 0.01
  Item #9: Result: Success
  Item #10: Result: Success
  Item #11: Result: Success
***** Test cleand2d for SMILES 1 *****
  Result: Success
***** Test cleand2d for SMILES 1 *****
  Result: Success
