**** Test template layout *****
  Item #0: Result: Error: atom #98 (C) contains delta 0.205799801383 > 0.01
   atom #99 (C) contains delta 0.207159829684 > 0.01
  Item #1: Result: Success
  Item #2: Result: Success
  Item #3: Result: Success
  Item #4: Result: Success
  Item #5: Result: Success
  Item #6: Result: Success
  Item #7: Result: Success
  Item #8: Result: Success
  Item #9: Result: Success
**** Test rings templates layout *****
  Item #0: Result: Success
  Item #1: Result: Success
  Item #2: Result: Success
  Item #3: Result: Success
  Item #4: Result: Success
  Item #5: Result: Success
  Item #6: Result: Success
  Item #7: Result: Success
  Item #8: Result: Success
  Item #9: Result: Success
