Input molecule:
 <?xml version="1.0" ?>
<cml>
    <molecule title="">
        <atomArray>
            <atom id="a0" elementType="C" x2="8.95" y2="-8.525" />
            <atom id="a1" elementType="C" mrvPseudo="AH" x2="9.816" y2="-9.025" />
            <atom id="a2" elementType="C" x2="10.6821" y2="-8.525" />
        </atomArray>
        <bondArray>
            <bond atomRefs2="a0 a1" order="1" />
            <bond atomRefs2="a1 a2" order="1" />
        </bondArray>
    </molecule>
</cml>

Internal molecule:
Atoms:
C, number: 6, is pseudo: 0
AH, number: 0, is pseudo: 1
C, number: 6, is pseudo: 0

Output molecule:
 
  -INDIGO-03242114422D

  3  2  0  0  0  0  0  0  0  0999 V2000
    8.9500   -8.5250    0.0000 C   0  0  0  0  0  0  0  0  0  0  0  0
    9.8160   -9.0250    0.0000 AH  0  0  0  0  0  0  0  0  0  0  0  0
   10.6821   -8.5250    0.0000 C   0  0  0  0  0  0  0  0  0  0  0  0
  1  2  1  0  0  0  0
  2  3  1  0  0  0  0
M  END

