Test layout for item #0 selection [37] 
  Result: Success
Test clean2d for item #0 selection [37] 
  Result: Success
Test layout for item #0 selection [27] 
  Result: Success
Test clean2d for item #0 selection [27] 
  Result: Success
Test layout for item #0 selection [13] 
  Result: Success
Test clean2d for item #0 selection [13] 
  Result: Success
Test layout for item #0 selection [25] 
  Result: Success
Test clean2d for item #0 selection [25] 
  Result: Success
Test layout for item #0 selection [21, 28] 
  Result: Success
Test clean2d for item #0 selection [21, 28] 
  Result: Success
Test layout for item #0 selection [58] 
  Result: Success
Test clean2d for item #0 selection [58] 
  Result: Success
Test layout for item #0 selection [67] 
  Result: Success
Test clean2d for item #0 selection [67] 
  Result: Success
Test layout for item #1 selection [37] 
  Result: Success
Test clean2d for item #1 selection [37] 
  Result: Success
Test layout for item #1 selection [27] 
  Result: Success
Test clean2d for item #1 selection [27] 
  Result: Success
Test layout for item #1 selection [13] 
  Result: Success
Test clean2d for item #1 selection [13] 
  Result: Success
Test layout for item #1 selection [25] 
  Result: Success
Test clean2d for item #1 selection [25] 
  Result: Success
Test layout for item #1 selection [21, 28] 
  Result: Success
Test clean2d for item #1 selection [21, 28] 
  Result: Success
Test layout for item #1 selection [58] 
  Result: Success
Test clean2d for item #1 selection [58] 
  Result: Success
Test layout for item #1 selection [67] 
  Result: Success
Test clean2d for item #1 selection [67] 
  Result: Success
Test layout for item #2 selection [7] 
  Result: Success
Test clean2d for item #2 selection [7] 
  Result: Success
Test layout for item #2 selection [56] 
  Result: Success
Test clean2d for item #2 selection [56] 
  Result: Success
Test layout for item #2 selection [26] 
  Result: Success
Test clean2d for item #2 selection [26] 
  Result: Success
Test layout for item #2 selection [29] 
  Result: Success
Test clean2d for item #2 selection [29] 
  Result: Success
Test layout for item #2 selection [66] 
  Result: Success
Test clean2d for item #2 selection [66] 
  Result: Success
Test layout for item #2 selection [76] 
  Result: Success
Test clean2d for item #2 selection [76] 
  Result: Success
Test layout for item #3 selection [0, 1, 2, 3, 4, 5, 6, 7] 
  Result: Success
Test clean2d for item #3 selection [0, 1, 2, 3, 4, 5, 6, 7] 
  Result: Error: atom #0 (C) contains delta 0.026423655417 > 0.01
   atom #1 (C) contains delta 0.0263497517917 > 0.01
   atom #2 (C) contains delta 0.0264163122584 > 0.01
   atom #3 (C) contains delta 0.0262090501696 > 0.01
   atom #4 (C) contains delta 0.0263291787006 > 0.01
   atom #5 (C) contains delta 0.0262667500254 > 0.01
   atom #6 (C) contains delta 0.0262472207313 > 0.01
   atom #7 (C) contains delta 0.0262016335375 > 0.01
