***** Test cleand2d.sdf *****
  Item #0: Result: Success
  Item #1: Result: Error: atom #0 (C) contains delta 0.11376903831348348 > 0.01
   atom #1 (C) contains delta 0.10912619115409372 > 0.01
   atom #2 (C) contains delta 0.106856986352142 > 0.01
   atom #3 (C) contains delta 0.11159233051296942 > 0.01
   atom #4 (C) contains delta 0.1078245664270285 > 0.01
   atom #5 (C) contains delta 0.10316153462721772 > 0.01
   atom #6 (C) contains delta 0.09949944182284626 > 0.01
  Item #2: Result: Success
  Item #3: Result: Success
  Item #4: Result: Error: atom #0 (C) contains delta 0.07858271104761093 > 0.01
   atom #1 (C) contains delta 0.0821982578786158 > 0.01
   atom #2 (C) contains delta 0.08348577427602275 > 0.01
   atom #3 (C) contains delta 0.0812360001579094 > 0.01
   atom #4 (C) contains delta 0.07766825806826506 > 0.01
   atom #5 (C) contains delta 0.0762875469206967 > 0.01
   atom #6 (C) contains delta 0.07071402523415402 > 0.01
   atom #7 (C) contains delta 0.07182567882923739 > 0.01
   atom #8 (C) contains delta 0.0661067725338818 > 0.01
   atom #9 (C) contains delta 0.05845244236693923 > 0.01
   atom #10 (C) contains delta 0.057157092834831454 > 0.01
   atom #11 (C) contains delta 0.0636428268932035 > 0.01
   atom #12 (C) contains delta 0.07489709175263246 > 0.01
   atom #13 (C) contains delta 0.06578940356056158 > 0.01
   atom #14 (C) contains delta 0.055977455774020086 > 0.01
   atom #15 (C) contains delta 0.05695395511741707 > 0.01
   atom #16 (C) contains delta 0.06722701765148402 > 0.01
   atom #17 (C) contains delta 0.07540495525182134 > 0.01
   atom #18 (C) contains delta 0.049852350098663505 > 0.01
   atom #19 (C) contains delta 0.044169644177431217 > 0.01
   atom #20 (C) contains delta 0.048443334345498114 > 0.01
   atom #21 (C) contains delta 0.08464094682570719 > 0.01
   atom #22 (C) contains delta 0.08813759509235371 > 0.01
   atom #23 (C) contains delta 0.08934599013289303 > 0.01
   atom #24 (C) contains delta 0.08707307498797447 > 0.01
  Item #5: Result: Success
  Item #6: Result: Error: atom #0 (C) contains delta 0.05921474766560371 > 0.01
   atom #1 (C) contains delta 0.05814988297830837 > 0.01
   atom #2 (C) contains delta 0.05708816180278121 > 0.01
   atom #3 (C) contains delta 0.05758167593542638 > 0.01
   atom #4 (C) contains delta 0.05607778295375685 > 0.01
   atom #5 (C) contains delta 0.05484830028869396 > 0.01
   atom #6 (C) contains delta 0.05373187547063308 > 0.01
   atom #7 (C) contains delta 0.05329397099546769 > 0.01
   atom #8 (Cl) contains delta 0.053039902822158334 > 0.01
   atom #9 (C) contains delta 0.06444993983788949 > 0.01
   atom #10 (C) contains delta 0.06511610946102084 > 0.01
   atom #11 (C) contains delta 0.06344614045695342 > 0.01
   atom #12 (C) contains delta 0.06186120526407417 > 0.01
   atom #13 (C) contains delta 0.06306387690141853 > 0.01
   atom #14 (C) contains delta 0.05954076458546722 > 0.01
   atom #15 (C) contains delta 0.05703385221131335 > 0.01
   atom #16 (C) contains delta 0.05366229947641364 > 0.01
   atom #17 (Cl) contains delta 0.051802550076854886 > 0.01
   atom #18 (C) contains delta 0.051851581603173574 > 0.01
  Item #7: Result: Success
  Item #8: Result: Error: atom #0 (C) contains delta 0.07922015291887095 > 0.01
   atom #1 (C) contains delta 0.07549231827457036 > 0.01
   atom #2 (C) contains delta 0.07181053407047323 > 0.01
   atom #3 (C) contains delta 0.07496134011898826 > 0.01
   atom #4 (C) contains delta 0.06665948006833164 > 0.01
   atom #5 (C) contains delta 0.06497358870709506 > 0.01
   atom #6 (C) contains delta 0.06925644455539916 > 0.01
   atom #7 (C) contains delta 0.07442790679231957 > 0.01
  Item #9: Result: Success
  Item #10: Result: Success
  Item #11: Result: Success
***** Test cleand2d for SMILES 1 *****
  Result: Success
***** Test cleand2d for SMILES 1 *****
  Result: Success
