**** Test reaction leayout and clean2d layout *****
  Item #0: Result of layout: Molecule #0: Success
   Molecule #1: Success
   Molecule #2: Success
   Molecule #3: Success
  Item #0: Result of clean2d: Molecule #0: Success
   Molecule #1: Success
   Molecule #2: Error: atom #0 (C) contains delta 0.005307859360664166 > 0.001
   atom #1 (C) contains delta 0.005591840240553662 > 0.001
   atom #2 (C) contains delta 0.005814852698176248 > 0.001
   atom #3 (C) contains delta 0.0058481912498976095 > 0.001
   atom #4 (C) contains delta 0.005424898621809637 > 0.001
   atom #5 (P) contains delta 0.005207603202868362 > 0.001
   atom #6 (C) contains delta 0.006050211859272646 > 0.001
   Molecule #3: Error: atom #0 (C) contains delta 0.0015365770611019413 > 0.001
   atom #1 (C) contains delta 0.0014057819345788878 > 0.001
   atom #3 (C) contains delta 0.0011021934131065902 > 0.001
   atom #4 (C) contains delta 0.0015100016864816918 > 0.001
   atom #5 (C) contains delta 0.0019160777259917322 > 0.001
   atom #6 (O) contains delta 0.0011741486401844125 > 0.001
